<tal:block tal:define="
    tableName string:devicesTable;
    tm here/ZenTableManager;
    sts python:tm.setReqTableState;

    groups python:sts(tableName, 'groups', here.REQUEST.get('groups','/'));
    Csystems python:sts(tableName, 'Csystems', here.REQUEST.get('Csystems','/'));
    location python:sts(tableName, 'location', here.REQUEST.get('location','/'));
    DeviceClass python:sts(tableName, 'DeviceClass', here.REQUEST.get('DeviceClass','/'));
    HWManufacturer python:sts(tableName, 'HWManufacturer', here.REQUEST.get('HWManufacturer',''));
    OSManufacturer python:sts(tableName, 'OSManufacturer', here.REQUEST.get('OSManufacturer',''));
    HWProduct python:sts(tableName, 'HWProduct', here.REQUEST.get('HWProduct',''));
    OSProduct python:sts(tableName, 'OSProduct', here.REQUEST.get('OSProduct',''));
    tHWProductSearch python:sts(tableName, 'tHWProductSearch', here.REQUEST.get('tHWProductSearch','0'));
    tOSProductSearch python:sts(tableName, 'tOSProductSearch', here.REQUEST.get('tOSProductSearch','0'));
    productionState python:sts(tableName, 'productionState', here.REQUEST.get('productionState','Production'));
    isMail python:sts(tableName, 'isMail', here.REQUEST.get('isMail','0'));    

    sDevice python:sts(tableName, 'sDevice', here.REQUEST.get('sDevice','1'));
    sProductionState python:sts(tableName, 'sProductionState', here.REQUEST.get('sProductionState','0'));
    sIP python:sts(tableName, 'sIP', here.REQUEST.get('sIP','1'));
    sLocation python:sts(tableName, 'sLocation', here.REQUEST.get('sLocation','1'));
    sTag python:sts(tableName, 'sTag', here.REQUEST.get('sTag','1'));
    sHW python:sts(tableName, 'sHW', here.REQUEST.get('sHW','1'));
    sDeviceClass python:sts(tableName, 'sDeviceClass', here.REQUEST.get('sDeviceClass','1'));
    sOS python:sts(tableName, 'sOS', here.REQUEST.get('sOS','1'));

    pluginOutput python:here.ReportServer.plugin('DeviceInventoryCollection', {'DeviceClass':DeviceClass, 'Csystems':Csystems, 'location':location, 'groups':groups, 'productionState':productionState, 'HWManufacturer':HWManufacturer, 'OSManufacturer':OSManufacturer, 'HWProduct':HWProduct,'OSProduct':OSProduct,'tHWProductSearch':tHWProductSearch,'tOSProductSearch':tOSProductSearch});
      objects python:pluginOutput['devices'];
      hwman python:pluginOutput['hwman'];
      osman python:pluginOutput['osman'];
      hwproducts python:pluginOutput['hwproducts'];
      osproducts python:pluginOutput['osproducts'];
    batch python:tm.getBatch(tableName,objects);
    exportFields python:['device', 'deviceClassPath', 'manageIp', 'tag', 'location', 'productionState', 'getHWManufacturerName', 'getHWProductName', 'getOSManufacturerName', 'getOSProductName'];
    ">
<html>
  <head>
    <title tal:content="template/title">The title</title>
    <meta http-equiv="content-type" content="text/html;charset=utf-8">
    <script language="javascript">
    function toggleAndSubmit(form,varname){
      if (form.elements.namedItem(varname).value==0) form.elements.namedItem(varname).value=1;
      else form.elements.namedItem(varname).value=0;
      form.submit();
      }
    function setRadioButton(form,varname,value){
      form.elements.namedItem(varname)[value].checked=true
      }
    </script>
  </head>
  <body class="z-bc"> 

<tal:block metal:use-macro="here/reportMacros/macros/exportableReport">
<tal:block metal:fill-slot="report">
<tal:block metal:use-macro="here/templates/macros/page1">
<tal:block metal:fill-slot="breadCrumbPane"><span metal:use-macro="here/miscmacros/macros/reportBreadCrumbsList"/></tal:block>
<tal:block metal:fill-slot="contentPane">
  <form id="availabilityForm" method="submit">
  <table class="zentable" cellpadding="0" cellspacing="0">
    <tr><td style="vertical-align:text-top;"> <!--Table Device Specification-->
      <table class="zentable" cellpadding="3" cellspacing="1"> 
        <tr><th class="tableheader" colspan="4">&nbsp;Device Specification</th></tr>
        <tr>
          <td class="tableheader">DeviceClass:</td>
          <td class="tablevalues">
              <select name="DeviceClass" onchange="javascript:this.form.submit();">
                <option tal:repeat="org here/Devices/getOrganizerNames" tal:content="org" tal:attributes="selected python:org==DeviceClass"/>
              </select>
          </td>
          <td class="tableheader">Group:</td>
          <td class="tablevalues">
              <select name="groups" onchange="javascript:this.form.submit();">
                <option tal:repeat="org here/Groups/getOrganizerNames" tal:content="org" tal:attributes="selected python:org==groups"/>
              </select>
          </td>
        </tr><tr>
          <td class="tableheader">System:</td>
          <td class="tablevalues">
              <select name="Csystems" onchange="javascript:this.form.submit();">
                <option tal:repeat="org here/Systems/getOrganizerNames" tal:content="org" tal:attributes="selected python:org==Csystems"/>
              </select>
          </td>
          <td class="tableheader">Location:</td>
          <td class="tablevalues">
              <select name="location" onchange="javascript:this.form.submit();">
                <option tal:repeat="org here/Locations/getOrganizerNames" tal:content="org" tal:attributes="selected python:org==location"/>
              </select>
          </td>
        </tr><tr>
          <td class="tableheader">Production State:</td>
          <td class="tablevalues">
              <select name="productionState" onchange="javascript:this.form.submit();">
                <option value=''>All</option>
                <option tal:repeat="state python:[d.split(':')[0] for d in here.dmd.prodStateConversions]" tal:content="state" tal:attributes="selected python:state==productionState"/>
              </select>
          </td>
          <td class="tableheader"/><td class="tablevalues"/>
        </tr>
      </table>
    </td><td rowspan="2" style="vertical-align:text-top;" class="tableheader"> <!--Table Show Columns-->
      <table class="zentable" >
        <tr><th class="tableheader" colspan="2">&nbsp;Show/hide Columns</th></tr>
        <tr><td><input type="checkbox" tal:attributes="checked python:sDevice=='1'" onchange="javascript:toggleAndSubmit(this.form,'sDevice');">Device Name</td></tr>
        <tr><td><input type="checkbox" tal:attributes="checked python:sIP=='1'" onchange="javascript:toggleAndSubmit(this.form,'sIP');">IP Address</td></tr>
        <tr><td><input type="checkbox" tal:attributes="checked python:sTag=='1'" onchange="javascript:toggleAndSubmit(this.form,'sTag');">Tag</td></tr>
        <tr><td><input type="checkbox" tal:attributes="checked python:sDeviceClass=='1'" onchange="toggleAndSubmit(this.form,'sDeviceClass');">DeviceClass</td></tr>
        <tr><td><input type="checkbox" tal:attributes="checked python:sProductionState=='1'" onchange="javascript:toggleAndSubmit(this.form,'sProductionState');">Production State</td></tr>
        <tr><td><input type="checkbox" tal:attributes="checked python:sLocation=='1'" onchange="javascript:toggleAndSubmit(this.form,'sLocation');">Location</td></tr>
        <tr><td><input type="checkbox" tal:attributes="checked python:sHW=='1'" onchange="javascript:toggleAndSubmit(this.form,'sHW');">HW Info</td></tr>
        <tr><td><input type="checkbox" tal:attributes="checked python:sOS=='1'" onchange="javascript:toggleAndSubmit(this.form,'sOS');">OS Info</td></tr>
        <input type="hidden" name="sDevice" tal:attributes="value sDevice">
        <input type="hidden" name="sProductionState" tal:attributes="value sProductionState">
        <input type="hidden" name="sIP" tal:attributes="value sIP">
        <input type="hidden" name="sLocation" tal:attributes="value sLocation">
        <input type="hidden" name="sTag" tal:attributes="value sTag">
        <input type="hidden" name="sHW" tal:attributes="value sHW">
        <input type="hidden" name="sDeviceClass" tal:attributes="value sDeviceClass">
        <input type="hidden" name="sOS" tal:attributes="value sOS">
      </table>
    </td></tr>
  <tr>
   <td class="tablevalues" style="vertical-align:text-top;"> <!--Table Additional Filters-->
     <table class="zentable">
      <tr><th class="tableheader" colspan="2">&nbsp;Additional Filters</th></tr>
      <tr><td style="vertical-align:top"><table class="zentable" cellpadding="3" cellspacing="1">
          <tr><td class="tableheader">HW Manufacturer:</td><td colspan="2" class="tablevalues">
              <select name="HWManufacturer" 
                      onchange="javascript:elements.namedItem('HWProduct').value='';this.form.submit();">
              <option value="" selected>All HW manufacturers
              <tal:block tal:repeat="org hwman">
                <option tal:condition="python:org!=''" tal:content="org" tal:attributes="selected python:org==HWManufacturer"/>
              </tal:block>
          </td></tr>
          <tr><td rowspan="2" class="tableheader" style="vertical-align:text-top">HW Product Name:</td>
          <td><input type="radio" name="tHWProductSearch" value="0" tal:attributes="checked python:tHWProductSearch=='0'"></td><td>
              <select name="cmbHWProduct" 
                      onfocus="setRadioButton(this.form,'tHWProductSearch',0);" 
                      onchange="this.form.elements.namedItem('HWProduct').value=this.form.elements.namedItem('cmbHWProduct').value;this.form.submit();">
              <option value="">All <span tal:replace="HWManufacturer"/> HW products
              <tal:block tal:condition="python:HWProduct!=''">
               <tal:block tal:condition="python:tHWProductSearch=='1'" tal:repeat="org hwproducts">
                 <option tal:content="org" tal:condition="python:org<>''" tal:attributes="selected python:HWProduct in org"/>
               </tal:block>
               <tal:block tal:condition="python:tHWProductSearch=='0'" tal:repeat="org hwproducts">
                 <option tal:content="org" tal:condition="python:org<>''" tal:attributes="selected python:org==HWProduct"/>
               </tal:block>
              </tal:block>
              <tal:block tal:condition="python:HWProduct==''" tal:repeat="org hwproducts" >
                 <option tal:content="org" tal:condition="python:org<>''" />
              </tal:block>
          </td></tr>
          <tr><td>
                <input type="radio" name="tHWProductSearch" value="1" tal:attributes="checked python:tHWProductSearch=='1'">
           </td><td><input type="text" name="txtHWProduct" onfocus="setRadioButton(this.form,'tHWProductSearch',1);" 
                   onchange="this.form.elements.namedItem('HWProduct').value=this.form.elements.namedItem('txtHWProduct').value;this.form.submit();"
                   tal:attributes="value HWProduct"
                   >
          </td></tr>
          </table></td>

          <td style="vertical-align:top"><table class="zentable" >
          <tr><td class="tableheader">OS Manufacturer:</td><td colspan="2" class="tablevalues">
              <select name="OSManufacturer" 
                      onchange="javascript:elements.namedItem('OSProduct').value='';this.form.submit();">
              <option value="" selected>All OS manufacturers
              <tal:block tal:repeat="org osman">
                <option tal:condition="python:org!=''" tal:content="org" tal:attributes="selected python:org==OSManufacturer"/>
              </tal:block>
          </td></tr>
          <tr><td rowspan="2" class="tableheader" style="vertical-align:text-top">OS Product Name:</td>
          <td><input type="radio" name="tOSProductSearch" value="0" tal:attributes="checked python:tOSProductSearch=='0'"></td><td>
              <select name="cmbOSProduct" 
                      onfocus="setRadioButton(this.form,'tOSProductSearch',0);" 
                      onchange="this.form.elements.namedItem('OSProduct').value=this.form.elements.namedItem('cmbOSProduct').value;this.form.submit();">
              <option value="">All <span tal:replace="OSManufacturer"/> OS products
              <tal:block tal:condition="python:OSProduct!=''">
               <tal:block tal:condition="python:tOSProductSearch=='1'" tal:repeat="org osproducts">
                 <option tal:content="org" tal:condition="python:org<>''" tal:attributes="selected python:OSProduct in org"/>
               </tal:block>
               <tal:block tal:condition="python:tOSProductSearch=='0'" tal:repeat="org osproducts">
                 <option tal:content="org" tal:condition="python:org<>''" tal:attributes="selected python:org==OSProduct"/>
               </tal:block>
              </tal:block>
              <tal:block tal:condition="python:OSProduct==''" tal:repeat="org osproducts" >
                 <option tal:content="org" tal:condition="python:org<>''" />
              </tal:block>
          </td></tr>
          <tr><td>
                <input type="radio" name="tOSProductSearch" value="1" tal:attributes="checked python:tOSProductSearch=='1'">
           </td><td><input type="text" name="txtOSProduct" onfocus="setRadioButton(this.form,'tOSProductSearch',1);" 
                   onchange="this.form.elements.namedItem('OSProduct').value=this.form.elements.namedItem('txtOSProduct').value;this.form.submit();"
                   tal:attributes="value OSProduct"
                   >
          </td></tr>
          </table></td>
      </tr>
      
     </table>
   </td>
  </tr>
  </table>
  <input type="hidden" name="HWProduct" tal:attributes="value HWProduct">
  <input type="hidden" name="OSProduct" tal:attributes="value OSProduct">
  </form>
<!-------------------------------------------------------------------------------->
<form method="POST" tal:attributes="action request/URL;"
                    tal:define="tabletitle here/title_or_id;
                    showfilterbox python:True;"
                    tblcolspan string:4>
 <input type="hidden" name="groups" tal:attributes="value groups">
 <input type="hidden" name="DeviceClass" tal:attributes="value DeviceClass">
 <input type="hidden" name="location" tal:attributes="value location">
 <input type="hidden" name="Csystems" tal:attributes="value Csystems">
 <input type="hidden" name="sDevice" tal:attributes="value sDevice">
 <input type="hidden" name="sProductionState" tal:attributes="value sProductionState">
 <input type="hidden" name="sIP" tal:attributes="value sIP">
 <input type="hidden" name="sLocation" tal:attributes="value sLocation">
 <input type="hidden" name="sTag" tal:attributes="value sTag">
 <input type="hidden" name="sHW" tal:attributes="value sHW">
 <input type="hidden" name="sDeviceClass" tal:attributes="value sDeviceClass">
 <input type="hidden" name="sOS" tal:attributes="value sOS">
 <input type="hidden" name="tHWProductSearch" tal:attributes="value tHWProductSearch">
 <input type="hidden" name="tOSProductSearch" tal:attributes="value tOSProductSearch">
 <input type="hidden" name="HWManufacturer" tal:attributes="value HWManufacturer">
 <input type="hidden" name="OSManufacturer" tal:attributes="value OSManufacturer">
 <input type="hidden" name="HWProduct" tal:attributes="value HWProduct">
 <input type="hidden" name="OSProduct" tal:attributes="value OSProduct">


 <tal:block metal:use-macro="here/zenuimacros/macros/zentable">
 <tal:block metal:fill-slot="zentablecontents">
        <tal:block tal:condition="python:isMail=='0'">
         <tr><td colspan="100%" class="tableheader" align='center'><form metal:use-macro="here/zenTableNavigation/macros/navtool"></form></td></tr>
        </tal:block>
  <tr>
    <th tal:condition="python:sDevice=='1'" tal:replace="structure python:tm.getTableHeader(
                          tableName,'device','Device')"/>
    <th tal:condition="python:sIP=='1'" tal:replace="structure python:tm.getTableHeader(
                          tableName,'manageIp','IP Address')"/>
    <th tal:condition="python:sTag=='1'" tal:replace="structure python:tm.getTableHeader(
                          tableName,'tag','Tag')"/>
    <th tal:condition="python:sDeviceClass=='1'" tal:replace="structure python:tm.getTableHeader(
                          tableName,'deviceClassPath','Device Class')"/>
    <th tal:condition="python:sProductionState=='1'" tal:replace="structure python:tm.getTableHeader(
                          tableName,'productionState','State')"/>
    <th tal:condition="python:sLocation=='1'" tal:replace="structure python:tm.getTableHeader(
                          tableName,'location','Location')"/>
    <th tal:condition="python:sHW=='1'" tal:replace="structure python:tm.getTableHeader(
                          tableName,'getHW','HW')"/>
    <th tal:condition="python:sOS=='1'" tal:replace="structure python:tm.getTableHeader(
                          tableName,'getOS','OS')"/>
  </tr>
  <tal:block tal:repeat="dev batch">
        <tr tal:define="odd repeat/dev/odd" tal:attributes="class python:odd and 'odd' or 'even'">
           <td class="tablevalues" tal:condition="python:sDevice=='1'" tal:content="structure dev/deviceLink"/>
           <td class="tablevalues" tal:condition="python:sIP=='1'" tal:content="structure dev/manageIp"/>
           <td class="tablevalues" tal:condition="python:sTag=='1'" tal:content="structure dev/tag"/>
           <td class="tablevalues" tal:condition="python:sDeviceClass=='1'" tal:content="structure dev/deviceClassPathLink"/>
           <td class="tablevalues" tal:condition="python:sProductionState=='1'" tal:content="structure dev/productionState"/>
           <td class="tablevalues" tal:condition="python:sLocation=='1'" tal:content="structure dev/locationLink"/>
           <td class="tablevalues" tal:condition="python:sHW=='1'" tal:content="structure dev/getHW"/>
           <td class="tablevalues" tal:condition="python:sOS=='1'" tal:content="structure dev/getOS"/>
        </tr>
    </tal:block>
        <tr>
         <td colspan="8" class="tableheader" align='center'>
         <form metal:use-macro="here/zenTableNavigation/macros/navtool"></form>
         </td>
        </tr>

  
 </tal:block> <!--zentablecontents-->
 </tal:block> <!--use-macro="here/zenuimacros/macros/zentable"-->
</form>

</tal:block> <!--metal:fill-slot="contentPane"-->
</tal:block> <!--use-macro="here/templates/macros/page1"-->
</tal:block> <!--fill-slot="report"-->
</tal:block> <!--use-macro="here/reportMacros/macros/exportableReport"-->
  </body>
</html>

</tal:block>